// Jest Snapshot v1, https://goo.gl/fbAQLP

exports[`Home page matches snapshot 1`] = `
<DocumentFragment>
  <div
    class="css-0"
  >
    <div
      class="css-0"
    >
      <div
        class="css-1mswima"
      >
        <h1
          class="chakra-heading css-1dg7c7b"
        >
          Rapid prototyping for the web
        </h1>
        <h2
          class="chakra-heading css-egilk4"
        >
          Enterprise ready modern frontends backed by serverless microservices
        </h2>
        <p
          class="chakra-text css-0"
        >
          The biggest advantage of using web-technology for building applications is the ability to deliver incremental results fast. 
          <br />
          That fits right into an agile mindset, where short cycles of development lead from idea to prototype to usable software that can be incrementally shipped.
        </p>
        <p
          class="chakra-text css-0"
        >
          A vast ecosystem of open-source software lets you stand on the shoulders of giants and keep your focus on delivering value for your core vision.
        </p>
      </div>
    </div>
  </div>
</DocumentFragment>
`;
